---
source: src/algo/perlin.rs
expression: image.pixels
---
[
    Rgba {
        r: 127,
        g: 127,
        b: 127,
        a: Some(
            255,
        ),
    },
    Rgba {
        r: 133,
        g: 133,
        b: 133,
        a: Some(
            255,
        ),
    },
    Rgba {
        r: 140,
        g: 140,
        b: 140,
        a: Some(
            255,
        ),
    },
    Rgba {
        r: 142,
        g: 142,
        b: 142,
        a: Some(
            255,
        ),
    },
    Rgba {
        r: 139,
        g: 139,
        b: 139,
        a: Some(
            255,
        ),
    },
    Rgba {
        r: 134,
        g: 134,
        b: 134,
        a: Some(
            255,
        ),
    },
    Rgba {
        r: 130,
        g: 130,
        b: 130,
        a: Some(
            255,
        ),
    },
    Rgba {
        r: 128,
        g: 128,
        b: 128,
        a: Some(
            255,
        ),
    },
    Rgba {
        r: 0,
        g: 0,
        b: 0,
        a: None,
    },
    Rgba {
        r: 0,
        g: 0,
        b: 0,
        a: None,
    },
    Rgba {
        r: 0,
        g: 0,
        b: 0,
        a: None,
    },
    Rgba {
        r: 0,
        g: 0,
        b: 0,
        a: None,
    },
    Rgba {
        r: 0,
        g: 0,
        b: 0,
        a: None,
    },
    Rgba {
        r: 0,
        g: 0,
        b: 0,
        a: None,
    },
    Rgba {
        r: 0,
        g: 0,
        b: 0,
        a: None,
    },
    Rgba {
        r: 0,
        g: 0,
        b: 0,
        a: None,
    },
    Rgba {
        r: 139,
        g: 139,
        b: 139,
        a: Some(
            255,
        ),
    },
    Rgba {
        r: 143,
        g: 143,
        b: 143,
        a: Some(
            255,
        ),
    },
    Rgba {
        r: 143,
        g: 143,
        b: 143,
        a: Some(
            255,
        ),
    },
    Rgba {
        r: 138,
        g: 138,
        b: 138,
        a: Some(
            255,
        ),
    },
    Rgba {
        r: 131,
        g: 131,
        b: 131,
        a: Some(
            255,
        ),
    },
    Rgba {
        r: 127,
        g: 127,
        b: 127,
        a: Some(
            255,
        ),
    },
    Rgba {
        r: 124,
        g: 124,
        b: 124,
        a: Some(
            255,
        ),
    },
    Rgba {
        r: 124,
        g: 124,
        b: 124,
        a: Some(
            255,
        ),
    },
    Rgba {
        r: 0,
        g: 0,
        b: 0,
        a: None,
    },
    Rgba {
        r: 0,
        g: 0,
        b: 0,
        a: None,
    },
    Rgba {
        r: 0,
        g: 0,
        b: 0,
        a: None,
    },
    Rgba {
        r: 0,
        g: 0,
        b: 0,
        a: None,
    },
    Rgba {
        r: 0,
        g: 0,
        b: 0,
        a: None,
    },
    Rgba {
        r: 0,
        g: 0,
        b: 0,
        a: None,
    },
    Rgba {
        r: 0,
        g: 0,
        b: 0,
        a: None,
    },
    Rgba {
        r: 0,
        g: 0,
        b: 0,
        a: None,
    },
    Rgba {
        r: 139,
        g: 139,
        b: 139,
        a: Some(
            255,
        ),
    },
    Rgba {
        r: 142,
        g: 142,
        b: 142,
        a: Some(
            255,
        ),
    },
    Rgba {
        r: 138,
        g: 138,
        b: 138,
        a: Some(
            255,
        ),
    },
    Rgba {
        r: 132,
        g: 132,
        b: 132,
        a: Some(
            255,
        ),
    },
    Rgba {
        r: 128,
        g: 128,
        b: 128,
        a: Some(
            255,
        ),
    },
    Rgba {
        r: 125,
        g: 125,
        b: 125,
        a: Some(
            255,
        ),
    },
    Rgba {
        r: 120,
        g: 120,
        b: 120,
        a: Some(
            255,
        ),
    },
    Rgba {
        r: 116,
        g: 116,
        b: 116,
        a: Some(
            255,
        ),
    },
    Rgba {
        r: 0,
        g: 0,
        b: 0,
        a: None,
    },
    Rgba {
        r: 0,
        g: 0,
        b: 0,
        a: None,
    },
    Rgba {
        r: 0,
        g: 0,
        b: 0,
        a: None,
    },
    Rgba {
        r: 0,
        g: 0,
        b: 0,
        a: None,
    },
    Rgba {
        r: 0,
        g: 0,
        b: 0,
        a: None,
    },
    Rgba {
        r: 0,
        g: 0,
        b: 0,
        a: None,
    },
    Rgba {
        r: 0,
        g: 0,
        b: 0,
        a: None,
    },
    Rgba {
        r: 0,
        g: 0,
        b: 0,
        a: None,
    },
    Rgba {
        r: 133,
        g: 133,
        b: 133,
        a: Some(
            255,
        ),
    },
    Rgba {
        r: 136,
        g: 136,
        b: 136,
        a: Some(
            255,
        ),
    },
    Rgba {
        r: 133,
        g: 133,
        b: 133,
        a: Some(
            255,
        ),
    },
    Rgba {
        r: 128,
        g: 128,
        b: 128,
        a: Some(
            255,
        ),
    },
    Rgba {
        r: 128,
        g: 128,
        b: 128,
        a: Some(
            255,
        ),
    },
    Rgba {
        r: 126,
        g: 126,
        b: 126,
        a: Some(
            255,
        ),
    },
    Rgba {
        r: 119,
        g: 119,
        b: 119,
        a: Some(
            255,
        ),
    },
    Rgba {
        r: 111,
        g: 111,
        b: 111,
        a: Some(
            255,
        ),
    },
    Rgba {
        r: 0,
        g: 0,
        b: 0,
        a: None,
    },
    Rgba {
        r: 0,
        g: 0,
        b: 0,
        a: None,
    },
    Rgba {
        r: 0,
        g: 0,
        b: 0,
        a: None,
    },
    Rgba {
        r: 0,
        g: 0,
        b: 0,
        a: None,
    },
    Rgba {
        r: 0,
        g: 0,
        b: 0,
        a: None,
    },
    Rgba {
        r: 0,
        g: 0,
        b: 0,
        a: None,
    },
    Rgba {
        r: 0,
        g: 0,
        b: 0,
        a: None,
    },
    Rgba {
        r: 0,
        g: 0,
        b: 0,
        a: None,
    },
    Rgba {
        r: 131,
        g: 131,
        b: 131,
        a: Some(
            255,
        ),
    },
    Rgba {
        r: 134,
        g: 134,
        b: 134,
        a: Some(
            255,
        ),
    },
    Rgba {
        r: 129,
        g: 129,
        b: 129,
        a: Some(
            255,
        ),
    },
    Rgba {
        r: 124,
        g: 124,
        b: 124,
        a: Some(
            255,
        ),
    },
    Rgba {
        r: 125,
        g: 125,
        b: 125,
        a: Some(
            255,
        ),
    },
    Rgba {
        r: 126,
        g: 126,
        b: 126,
        a: Some(
            255,
        ),
    },
    Rgba {
        r: 120,
        g: 120,
        b: 120,
        a: Some(
            255,
        ),
    },
    Rgba {
        r: 113,
        g: 113,
        b: 113,
        a: Some(
            255,
        ),
    },
    Rgba {
        r: 0,
        g: 0,
        b: 0,
        a: None,
    },
    Rgba {
        r: 0,
        g: 0,
        b: 0,
        a: None,
    },
    Rgba {
        r: 0,
        g: 0,
        b: 0,
        a: None,
    },
    Rgba {
        r: 0,
        g: 0,
        b: 0,
        a: None,
    },
    Rgba {
        r: 0,
        g: 0,
        b: 0,
        a: None,
    },
    Rgba {
        r: 0,
        g: 0,
        b: 0,
        a: None,
    },
    Rgba {
        r: 0,
        g: 0,
        b: 0,
        a: None,
    },
    Rgba {
        r: 0,
        g: 0,
        b: 0,
        a: None,
    },
    Rgba {
        r: 128,
        g: 128,
        b: 128,
        a: Some(
            255,
        ),
    },
    Rgba {
        r: 132,
        g: 132,
        b: 132,
        a: Some(
            255,
        ),
    },
    Rgba {
        r: 128,
        g: 128,
        b: 128,
        a: Some(
            255,
        ),
    },
    Rgba {
        r: 123,
        g: 123,
        b: 123,
        a: Some(
            255,
        ),
    },
    Rgba {
        r: 123,
        g: 123,
        b: 123,
        a: Some(
            255,
        ),
    },
    Rgba {
        r: 123,
        g: 123,
        b: 123,
        a: Some(
            255,
        ),
    },
    Rgba {
        r: 119,
        g: 119,
        b: 119,
        a: Some(
            255,
        ),
    },
    Rgba {
        r: 116,
        g: 116,
        b: 116,
        a: Some(
            255,
        ),
    },
    Rgba {
        r: 0,
        g: 0,
        b: 0,
        a: None,
    },
    Rgba {
        r: 0,
        g: 0,
        b: 0,
        a: None,
    },
    Rgba {
        r: 0,
        g: 0,
        b: 0,
        a: None,
    },
    Rgba {
        r: 0,
        g: 0,
        b: 0,
        a: None,
    },
    Rgba {
        r: 0,
        g: 0,
        b: 0,
        a: None,
    },
    Rgba {
        r: 0,
        g: 0,
        b: 0,
        a: None,
    },
    Rgba {
        r: 0,
        g: 0,
        b: 0,
        a: None,
    },
    Rgba {
        r: 0,
        g: 0,
        b: 0,
        a: None,
    },
    Rgba {
        r: 121,
        g: 121,
        b: 121,
        a: Some(
            255,
        ),
    },
    Rgba {
        r: 127,
        g: 127,
        b: 127,
        a: Some(
            255,
        ),
    },
    Rgba {
        r: 128,
        g: 128,
        b: 128,
        a: Some(
            255,
        ),
    },
    Rgba {
        r: 127,
        g: 127,
        b: 127,
        a: Some(
            255,
        ),
    },
    Rgba {
        r: 125,
        g: 125,
        b: 125,
        a: Some(
            255,
        ),
    },
    Rgba {
        r: 122,
        g: 122,
        b: 122,
        a: Some(
            255,
        ),
    },
    Rgba {
        r: 116,
        g: 116,
        b: 116,
        a: Some(
            255,
        ),
    },
    Rgba {
        r: 115,
        g: 115,
        b: 115,
        a: Some(
            255,
        ),
    },
    Rgba {
        r: 0,
        g: 0,
        b: 0,
        a: None,
    },
    Rgba {
        r: 0,
        g: 0,
        b: 0,
        a: None,
    },
    Rgba {
        r: 0,
        g: 0,
        b: 0,
        a: None,
    },
    Rgba {
        r: 0,
        g: 0,
        b: 0,
        a: None,
    },
    Rgba {
        r: 0,
        g: 0,
        b: 0,
        a: None,
    },
    Rgba {
        r: 0,
        g: 0,
        b: 0,
        a: None,
    },
    Rgba {
        r: 0,
        g: 0,
        b: 0,
        a: None,
    },
    Rgba {
        r: 0,
        g: 0,
        b: 0,
        a: None,
    },
    Rgba {
        r: 117,
        g: 117,
        b: 117,
        a: Some(
            255,
        ),
    },
    Rgba {
        r: 125,
        g: 125,
        b: 125,
        a: Some(
            255,
        ),
    },
    Rgba {
        r: 130,
        g: 130,
        b: 130,
        a: Some(
            255,
        ),
    },
    Rgba {
        r: 129,
        g: 129,
        b: 129,
        a: Some(
            255,
        ),
    },
    Rgba {
        r: 125,
        g: 125,
        b: 125,
        a: Some(
            255,
        ),
    },
    Rgba {
        r: 118,
        g: 118,
        b: 118,
        a: Some(
            255,
        ),
    },
    Rgba {
        r: 113,
        g: 113,
        b: 113,
        a: Some(
            255,
        ),
    },
    Rgba {
        r: 114,
        g: 114,
        b: 114,
        a: Some(
            255,
        ),
    },
    Rgba {
        r: 0,
        g: 0,
        b: 0,
        a: None,
    },
    Rgba {
        r: 0,
        g: 0,
        b: 0,
        a: None,
    },
    Rgba {
        r: 0,
        g: 0,
        b: 0,
        a: None,
    },
    Rgba {
        r: 0,
        g: 0,
        b: 0,
        a: None,
    },
    Rgba {
        r: 0,
        g: 0,
        b: 0,
        a: None,
    },
    Rgba {
        r: 0,
        g: 0,
        b: 0,
        a: None,
    },
    Rgba {
        r: 0,
        g: 0,
        b: 0,
        a: None,
    },
    Rgba {
        r: 0,
        g: 0,
        b: 0,
        a: None,
    },
    Rgba {
        r: 0,
        g: 0,
        b: 0,
        a: None,
    },
    Rgba {
        r: 0,
        g: 0,
        b: 0,
        a: None,
    },
    Rgba {
        r: 0,
        g: 0,
        b: 0,
        a: None,
    },
    Rgba {
        r: 0,
        g: 0,
        b: 0,
        a: None,
    },
    Rgba {
        r: 0,
        g: 0,
        b: 0,
        a: None,
    },
    Rgba {
        r: 0,
        g: 0,
        b: 0,
        a: None,
    },
    Rgba {
        r: 0,
        g: 0,
        b: 0,
        a: None,
    },
    Rgba {
        r: 0,
        g: 0,
        b: 0,
        a: None,
    },
    Rgba {
        r: 0,
        g: 0,
        b: 0,
        a: None,
    },
    Rgba {
        r: 0,
        g: 0,
        b: 0,
        a: None,
    },
    Rgba {
        r: 0,
        g: 0,
        b: 0,
        a: None,
    },
    Rgba {
        r: 0,
        g: 0,
        b: 0,
        a: None,
    },
    Rgba {
        r: 0,
        g: 0,
        b: 0,
        a: None,
    },
    Rgba {
        r: 0,
        g: 0,
        b: 0,
        a: None,
    },
    Rgba {
        r: 0,
        g: 0,
        b: 0,
        a: None,
    },
    Rgba {
        r: 0,
        g: 0,
        b: 0,
        a: None,
    },
    Rgba {
        r: 0,
        g: 0,
        b: 0,
        a: None,
    },
    Rgba {
        r: 0,
        g: 0,
        b: 0,
        a: None,
    },
    Rgba {
        r: 0,
        g: 0,
        b: 0,
        a: None,
    },
    Rgba {
        r: 0,
        g: 0,
        b: 0,
        a: None,
    },
    Rgba {
        r: 0,
        g: 0,
        b: 0,
        a: None,
    },
    Rgba {
        r: 0,
        g: 0,
        b: 0,
        a: None,
    },
    Rgba {
        r: 0,
        g: 0,
        b: 0,
        a: None,
    },
    Rgba {
        r: 0,
        g: 0,
        b: 0,
        a: None,
    },
    Rgba {
        r: 0,
        g: 0,
        b: 0,
        a: None,
    },
    Rgba {
        r: 0,
        g: 0,
        b: 0,
        a: None,
    },
    Rgba {
        r: 0,
        g: 0,
        b: 0,
        a: None,
    },
    Rgba {
        r: 0,
        g: 0,
        b: 0,
        a: None,
    },
    Rgba {
        r: 0,
        g: 0,
        b: 0,
        a: None,
    },
    Rgba {
        r: 0,
        g: 0,
        b: 0,
        a: None,
    },
    Rgba {
        r: 0,
        g: 0,
        b: 0,
        a: None,
    },
    Rgba {
        r: 0,
        g: 0,
        b: 0,
        a: None,
    },
    Rgba {
        r: 0,
        g: 0,
        b: 0,
        a: None,
    },
    Rgba {
        r: 0,
        g: 0,
        b: 0,
        a: None,
    },
    Rgba {
        r: 0,
        g: 0,
        b: 0,
        a: None,
    },
    Rgba {
        r: 0,
        g: 0,
        b: 0,
        a: None,
    },
    Rgba {
        r: 0,
        g: 0,
        b: 0,
        a: None,
    },
    Rgba {
        r: 0,
        g: 0,
        b: 0,
        a: None,
    },
    Rgba {
        r: 0,
        g: 0,
        b: 0,
        a: None,
    },
    Rgba {
        r: 0,
        g: 0,
        b: 0,
        a: None,
    },
    Rgba {
        r: 0,
        g: 0,
        b: 0,
        a: None,
    },
    Rgba {
        r: 0,
        g: 0,
        b: 0,
        a: None,
    },
    Rgba {
        r: 0,
        g: 0,
        b: 0,
        a: None,
    },
    Rgba {
        r: 0,
        g: 0,
        b: 0,
        a: None,
    },
    Rgba {
        r: 0,
        g: 0,
        b: 0,
        a: None,
    },
    Rgba {
        r: 0,
        g: 0,
        b: 0,
        a: None,
    },
    Rgba {
        r: 0,
        g: 0,
        b: 0,
        a: None,
    },
    Rgba {
        r: 0,
        g: 0,
        b: 0,
        a: None,
    },
    Rgba {
        r: 0,
        g: 0,
        b: 0,
        a: None,
    },
    Rgba {
        r: 0,
        g: 0,
        b: 0,
        a: None,
    },
    Rgba {
        r: 0,
        g: 0,
        b: 0,
        a: None,
    },
    Rgba {
        r: 0,
        g: 0,
        b: 0,
        a: None,
    },
    Rgba {
        r: 0,
        g: 0,
        b: 0,
        a: None,
    },
    Rgba {
        r: 0,
        g: 0,
        b: 0,
        a: None,
    },
    Rgba {
        r: 0,
        g: 0,
        b: 0,
        a: None,
    },
    Rgba {
        r: 0,
        g: 0,
        b: 0,
        a: None,
    },
    Rgba {
        r: 0,
        g: 0,
        b: 0,
        a: None,
    },
    Rgba {
        r: 0,
        g: 0,
        b: 0,
        a: None,
    },
    Rgba {
        r: 0,
        g: 0,
        b: 0,
        a: None,
    },
    Rgba {
        r: 0,
        g: 0,
        b: 0,
        a: None,
    },
    Rgba {
        r: 0,
        g: 0,
        b: 0,
        a: None,
    },
    Rgba {
        r: 0,
        g: 0,
        b: 0,
        a: None,
    },
    Rgba {
        r: 0,
        g: 0,
        b: 0,
        a: None,
    },
    Rgba {
        r: 0,
        g: 0,
        b: 0,
        a: None,
    },
    Rgba {
        r: 0,
        g: 0,
        b: 0,
        a: None,
    },
    Rgba {
        r: 0,
        g: 0,
        b: 0,
        a: None,
    },
    Rgba {
        r: 0,
        g: 0,
        b: 0,
        a: None,
    },
    Rgba {
        r: 0,
        g: 0,
        b: 0,
        a: None,
    },
    Rgba {
        r: 0,
        g: 0,
        b: 0,
        a: None,
    },
    Rgba {
        r: 0,
        g: 0,
        b: 0,
        a: None,
    },
    Rgba {
        r: 0,
        g: 0,
        b: 0,
        a: None,
    },
    Rgba {
        r: 0,
        g: 0,
        b: 0,
        a: None,
    },
    Rgba {
        r: 0,
        g: 0,
        b: 0,
        a: None,
    },
    Rgba {
        r: 0,
        g: 0,
        b: 0,
        a: None,
    },
    Rgba {
        r: 0,
        g: 0,
        b: 0,
        a: None,
    },
    Rgba {
        r: 0,
        g: 0,
        b: 0,
        a: None,
    },
    Rgba {
        r: 0,
        g: 0,
        b: 0,
        a: None,
    },
    Rgba {
        r: 0,
        g: 0,
        b: 0,
        a: None,
    },
    Rgba {
        r: 0,
        g: 0,
        b: 0,
        a: None,
    },
    Rgba {
        r: 0,
        g: 0,
        b: 0,
        a: None,
    },
    Rgba {
        r: 0,
        g: 0,
        b: 0,
        a: None,
    },
    Rgba {
        r: 0,
        g: 0,
        b: 0,
        a: None,
    },
    Rgba {
        r: 0,
        g: 0,
        b: 0,
        a: None,
    },
    Rgba {
        r: 0,
        g: 0,
        b: 0,
        a: None,
    },
    Rgba {
        r: 0,
        g: 0,
        b: 0,
        a: None,
    },
    Rgba {
        r: 0,
        g: 0,
        b: 0,
        a: None,
    },
    Rgba {
        r: 0,
        g: 0,
        b: 0,
        a: None,
    },
    Rgba {
        r: 0,
        g: 0,
        b: 0,
        a: None,
    },
    Rgba {
        r: 0,
        g: 0,
        b: 0,
        a: None,
    },
    Rgba {
        r: 0,
        g: 0,
        b: 0,
        a: None,
    },
    Rgba {
        r: 0,
        g: 0,
        b: 0,
        a: None,
    },
    Rgba {
        r: 0,
        g: 0,
        b: 0,
        a: None,
    },
    Rgba {
        r: 0,
        g: 0,
        b: 0,
        a: None,
    },
    Rgba {
        r: 0,
        g: 0,
        b: 0,
        a: None,
    },
    Rgba {
        r: 0,
        g: 0,
        b: 0,
        a: None,
    },
    Rgba {
        r: 0,
        g: 0,
        b: 0,
        a: None,
    },
    Rgba {
        r: 0,
        g: 0,
        b: 0,
        a: None,
    },
    Rgba {
        r: 0,
        g: 0,
        b: 0,
        a: None,
    },
    Rgba {
        r: 0,
        g: 0,
        b: 0,
        a: None,
    },
    Rgba {
        r: 0,
        g: 0,
        b: 0,
        a: None,
    },
    Rgba {
        r: 0,
        g: 0,
        b: 0,
        a: None,
    },
    Rgba {
        r: 0,
        g: 0,
        b: 0,
        a: None,
    },
    Rgba {
        r: 0,
        g: 0,
        b: 0,
        a: None,
    },
    Rgba {
        r: 0,
        g: 0,
        b: 0,
        a: None,
    },
    Rgba {
        r: 0,
        g: 0,
        b: 0,
        a: None,
    },
    Rgba {
        r: 0,
        g: 0,
        b: 0,
        a: None,
    },
    Rgba {
        r: 0,
        g: 0,
        b: 0,
        a: None,
    },
    Rgba {
        r: 0,
        g: 0,
        b: 0,
        a: None,
    },
    Rgba {
        r: 0,
        g: 0,
        b: 0,
        a: None,
    },
    Rgba {
        r: 0,
        g: 0,
        b: 0,
        a: None,
    },
    Rgba {
        r: 0,
        g: 0,
        b: 0,
        a: None,
    },
    Rgba {
        r: 0,
        g: 0,
        b: 0,
        a: None,
    },
    Rgba {
        r: 0,
        g: 0,
        b: 0,
        a: None,
    },
    Rgba {
        r: 0,
        g: 0,
        b: 0,
        a: None,
    },
    Rgba {
        r: 0,
        g: 0,
        b: 0,
        a: None,
    },
    Rgba {
        r: 0,
        g: 0,
        b: 0,
        a: None,
    },
    Rgba {
        r: 0,
        g: 0,
        b: 0,
        a: None,
    },
    Rgba {
        r: 0,
        g: 0,
        b: 0,
        a: None,
    },
    Rgba {
        r: 0,
        g: 0,
        b: 0,
        a: None,
    },
    Rgba {
        r: 0,
        g: 0,
        b: 0,
        a: None,
    },
    Rgba {
        r: 0,
        g: 0,
        b: 0,
        a: None,
    },
    Rgba {
        r: 0,
        g: 0,
        b: 0,
        a: None,
    },
    Rgba {
        r: 0,
        g: 0,
        b: 0,
        a: None,
    },
    Rgba {
        r: 0,
        g: 0,
        b: 0,
        a: None,
    },
    Rgba {
        r: 0,
        g: 0,
        b: 0,
        a: None,
    },
    Rgba {
        r: 0,
        g: 0,
        b: 0,
        a: None,
    },
    Rgba {
        r: 0,
        g: 0,
        b: 0,
        a: None,
    },
    Rgba {
        r: 0,
        g: 0,
        b: 0,
        a: None,
    },
]
