---
source: src/algo/random_noise.rs
expression: image.pixels
---
[
    Rgba {
        r: 216,
        g: 216,
        b: 216,
        a: Some(
            255,
        ),
    },
    Rgba {
        r: 11,
        g: 11,
        b: 11,
        a: Some(
            255,
        ),
    },
    Rgba {
        r: 71,
        g: 71,
        b: 71,
        a: Some(
            255,
        ),
    },
    Rgba {
        r: 153,
        g: 153,
        b: 153,
        a: Some(
            255,
        ),
    },
    Rgba {
        r: 44,
        g: 44,
        b: 44,
        a: Some(
            255,
        ),
    },
    Rgba {
        r: 155,
        g: 155,
        b: 155,
        a: Some(
            255,
        ),
    },
    Rgba {
        r: 201,
        g: 201,
        b: 201,
        a: Some(
            255,
        ),
    },
    Rgba {
        r: 176,
        g: 176,
        b: 176,
        a: Some(
            255,
        ),
    },
    Rgba {
        r: 186,
        g: 186,
        b: 186,
        a: Some(
            255,
        ),
    },
    Rgba {
        r: 56,
        g: 56,
        b: 56,
        a: Some(
            255,
        ),
    },
    Rgba {
        r: 38,
        g: 38,
        b: 38,
        a: Some(
            255,
        ),
    },
    Rgba {
        r: 166,
        g: 166,
        b: 166,
        a: Some(
            255,
        ),
    },
    Rgba {
        r: 167,
        g: 167,
        b: 167,
        a: Some(
            255,
        ),
    },
    Rgba {
        r: 22,
        g: 22,
        b: 22,
        a: Some(
            255,
        ),
    },
    Rgba {
        r: 212,
        g: 212,
        b: 212,
        a: Some(
            255,
        ),
    },
    Rgba {
        r: 130,
        g: 130,
        b: 130,
        a: Some(
            255,
        ),
    },
    Rgba {
        r: 24,
        g: 24,
        b: 24,
        a: Some(
            255,
        ),
    },
    Rgba {
        r: 242,
        g: 242,
        b: 242,
        a: Some(
            255,
        ),
    },
    Rgba {
        r: 25,
        g: 25,
        b: 25,
        a: Some(
            255,
        ),
    },
    Rgba {
        r: 165,
        g: 165,
        b: 165,
        a: Some(
            255,
        ),
    },
    Rgba {
        r: 242,
        g: 242,
        b: 242,
        a: Some(
            255,
        ),
    },
    Rgba {
        r: 92,
        g: 92,
        b: 92,
        a: Some(
            255,
        ),
    },
    Rgba {
        r: 61,
        g: 61,
        b: 61,
        a: Some(
            255,
        ),
    },
    Rgba {
        r: 209,
        g: 209,
        b: 209,
        a: Some(
            255,
        ),
    },
    Rgba {
        r: 109,
        g: 109,
        b: 109,
        a: Some(
            255,
        ),
    },
    Rgba {
        r: 31,
        g: 31,
        b: 31,
        a: Some(
            255,
        ),
    },
    Rgba {
        r: 178,
        g: 178,
        b: 178,
        a: Some(
            255,
        ),
    },
    Rgba {
        r: 45,
        g: 45,
        b: 45,
        a: Some(
            255,
        ),
    },
    Rgba {
        r: 9,
        g: 9,
        b: 9,
        a: Some(
            255,
        ),
    },
    Rgba {
        r: 223,
        g: 223,
        b: 223,
        a: Some(
            255,
        ),
    },
    Rgba {
        r: 156,
        g: 156,
        b: 156,
        a: Some(
            255,
        ),
    },
    Rgba {
        r: 212,
        g: 212,
        b: 212,
        a: Some(
            255,
        ),
    },
    Rgba {
        r: 172,
        g: 172,
        b: 172,
        a: Some(
            255,
        ),
    },
    Rgba {
        r: 234,
        g: 234,
        b: 234,
        a: Some(
            255,
        ),
    },
    Rgba {
        r: 39,
        g: 39,
        b: 39,
        a: Some(
            255,
        ),
    },
    Rgba {
        r: 70,
        g: 70,
        b: 70,
        a: Some(
            255,
        ),
    },
    Rgba {
        r: 250,
        g: 250,
        b: 250,
        a: Some(
            255,
        ),
    },
    Rgba {
        r: 14,
        g: 14,
        b: 14,
        a: Some(
            255,
        ),
    },
    Rgba {
        r: 165,
        g: 165,
        b: 165,
        a: Some(
            255,
        ),
    },
    Rgba {
        r: 108,
        g: 108,
        b: 108,
        a: Some(
            255,
        ),
    },
    Rgba {
        r: 243,
        g: 243,
        b: 243,
        a: Some(
            255,
        ),
    },
    Rgba {
        r: 63,
        g: 63,
        b: 63,
        a: Some(
            255,
        ),
    },
    Rgba {
        r: 163,
        g: 163,
        b: 163,
        a: Some(
            255,
        ),
    },
    Rgba {
        r: 49,
        g: 49,
        b: 49,
        a: Some(
            255,
        ),
    },
    Rgba {
        r: 2,
        g: 2,
        b: 2,
        a: Some(
            255,
        ),
    },
    Rgba {
        r: 99,
        g: 99,
        b: 99,
        a: Some(
            255,
        ),
    },
    Rgba {
        r: 85,
        g: 85,
        b: 85,
        a: Some(
            255,
        ),
    },
    Rgba {
        r: 202,
        g: 202,
        b: 202,
        a: Some(
            255,
        ),
    },
    Rgba {
        r: 132,
        g: 132,
        b: 132,
        a: Some(
            255,
        ),
    },
    Rgba {
        r: 51,
        g: 51,
        b: 51,
        a: Some(
            255,
        ),
    },
    Rgba {
        r: 124,
        g: 124,
        b: 124,
        a: Some(
            255,
        ),
    },
    Rgba {
        r: 52,
        g: 52,
        b: 52,
        a: Some(
            255,
        ),
    },
    Rgba {
        r: 124,
        g: 124,
        b: 124,
        a: Some(
            255,
        ),
    },
    Rgba {
        r: 19,
        g: 19,
        b: 19,
        a: Some(
            255,
        ),
    },
    Rgba {
        r: 49,
        g: 49,
        b: 49,
        a: Some(
            255,
        ),
    },
    Rgba {
        r: 128,
        g: 128,
        b: 128,
        a: Some(
            255,
        ),
    },
    Rgba {
        r: 179,
        g: 179,
        b: 179,
        a: Some(
            255,
        ),
    },
    Rgba {
        r: 172,
        g: 172,
        b: 172,
        a: Some(
            255,
        ),
    },
    Rgba {
        r: 75,
        g: 75,
        b: 75,
        a: Some(
            255,
        ),
    },
    Rgba {
        r: 99,
        g: 99,
        b: 99,
        a: Some(
            255,
        ),
    },
    Rgba {
        r: 71,
        g: 71,
        b: 71,
        a: Some(
            255,
        ),
    },
    Rgba {
        r: 236,
        g: 236,
        b: 236,
        a: Some(
            255,
        ),
    },
    Rgba {
        r: 78,
        g: 78,
        b: 78,
        a: Some(
            255,
        ),
    },
    Rgba {
        r: 170,
        g: 170,
        b: 170,
        a: Some(
            255,
        ),
    },
    Rgba {
        r: 48,
        g: 48,
        b: 48,
        a: Some(
            255,
        ),
    },
    Rgba {
        r: 6,
        g: 6,
        b: 6,
        a: Some(
            255,
        ),
    },
    Rgba {
        r: 163,
        g: 163,
        b: 163,
        a: Some(
            255,
        ),
    },
    Rgba {
        r: 122,
        g: 122,
        b: 122,
        a: Some(
            255,
        ),
    },
    Rgba {
        r: 208,
        g: 208,
        b: 208,
        a: Some(
            255,
        ),
    },
    Rgba {
        r: 81,
        g: 81,
        b: 81,
        a: Some(
            255,
        ),
    },
    Rgba {
        r: 55,
        g: 55,
        b: 55,
        a: Some(
            255,
        ),
    },
    Rgba {
        r: 54,
        g: 54,
        b: 54,
        a: Some(
            255,
        ),
    },
    Rgba {
        r: 93,
        g: 93,
        b: 93,
        a: Some(
            255,
        ),
    },
    Rgba {
        r: 158,
        g: 158,
        b: 158,
        a: Some(
            255,
        ),
    },
    Rgba {
        r: 60,
        g: 60,
        b: 60,
        a: Some(
            255,
        ),
    },
    Rgba {
        r: 179,
        g: 179,
        b: 179,
        a: Some(
            255,
        ),
    },
    Rgba {
        r: 247,
        g: 247,
        b: 247,
        a: Some(
            255,
        ),
    },
    Rgba {
        r: 183,
        g: 183,
        b: 183,
        a: Some(
            255,
        ),
    },
    Rgba {
        r: 206,
        g: 206,
        b: 206,
        a: Some(
            255,
        ),
    },
    Rgba {
        r: 5,
        g: 5,
        b: 5,
        a: Some(
            255,
        ),
    },
    Rgba {
        r: 147,
        g: 147,
        b: 147,
        a: Some(
            255,
        ),
    },
    Rgba {
        r: 100,
        g: 100,
        b: 100,
        a: Some(
            255,
        ),
    },
    Rgba {
        r: 180,
        g: 180,
        b: 180,
        a: Some(
            255,
        ),
    },
    Rgba {
        r: 213,
        g: 213,
        b: 213,
        a: Some(
            255,
        ),
    },
    Rgba {
        r: 4,
        g: 4,
        b: 4,
        a: Some(
            255,
        ),
    },
    Rgba {
        r: 220,
        g: 220,
        b: 220,
        a: Some(
            255,
        ),
    },
    Rgba {
        r: 115,
        g: 115,
        b: 115,
        a: Some(
            255,
        ),
    },
    Rgba {
        r: 66,
        g: 66,
        b: 66,
        a: Some(
            255,
        ),
    },
    Rgba {
        r: 99,
        g: 99,
        b: 99,
        a: Some(
            255,
        ),
    },
    Rgba {
        r: 90,
        g: 90,
        b: 90,
        a: Some(
            255,
        ),
    },
    Rgba {
        r: 159,
        g: 159,
        b: 159,
        a: Some(
            255,
        ),
    },
    Rgba {
        r: 80,
        g: 80,
        b: 80,
        a: Some(
            255,
        ),
    },
    Rgba {
        r: 139,
        g: 139,
        b: 139,
        a: Some(
            255,
        ),
    },
    Rgba {
        r: 27,
        g: 27,
        b: 27,
        a: Some(
            255,
        ),
    },
    Rgba {
        r: 136,
        g: 136,
        b: 136,
        a: Some(
            255,
        ),
    },
    Rgba {
        r: 122,
        g: 122,
        b: 122,
        a: Some(
            255,
        ),
    },
    Rgba {
        r: 19,
        g: 19,
        b: 19,
        a: Some(
            255,
        ),
    },
    Rgba {
        r: 209,
        g: 209,
        b: 209,
        a: Some(
            255,
        ),
    },
    Rgba {
        r: 105,
        g: 105,
        b: 105,
        a: Some(
            255,
        ),
    },
    Rgba {
        r: 120,
        g: 120,
        b: 120,
        a: Some(
            255,
        ),
    },
    Rgba {
        r: 138,
        g: 138,
        b: 138,
        a: Some(
            255,
        ),
    },
    Rgba {
        r: 40,
        g: 40,
        b: 40,
        a: Some(
            255,
        ),
    },
    Rgba {
        r: 84,
        g: 84,
        b: 84,
        a: Some(
            255,
        ),
    },
    Rgba {
        r: 134,
        g: 134,
        b: 134,
        a: Some(
            255,
        ),
    },
    Rgba {
        r: 33,
        g: 33,
        b: 33,
        a: Some(
            255,
        ),
    },
    Rgba {
        r: 103,
        g: 103,
        b: 103,
        a: Some(
            255,
        ),
    },
    Rgba {
        r: 7,
        g: 7,
        b: 7,
        a: Some(
            255,
        ),
    },
    Rgba {
        r: 181,
        g: 181,
        b: 181,
        a: Some(
            255,
        ),
    },
    Rgba {
        r: 86,
        g: 86,
        b: 86,
        a: Some(
            255,
        ),
    },
    Rgba {
        r: 234,
        g: 234,
        b: 234,
        a: Some(
            255,
        ),
    },
    Rgba {
        r: 39,
        g: 39,
        b: 39,
        a: Some(
            255,
        ),
    },
    Rgba {
        r: 36,
        g: 36,
        b: 36,
        a: Some(
            255,
        ),
    },
    Rgba {
        r: 204,
        g: 204,
        b: 204,
        a: Some(
            255,
        ),
    },
    Rgba {
        r: 80,
        g: 80,
        b: 80,
        a: Some(
            255,
        ),
    },
    Rgba {
        r: 161,
        g: 161,
        b: 161,
        a: Some(
            255,
        ),
    },
    Rgba {
        r: 50,
        g: 50,
        b: 50,
        a: Some(
            255,
        ),
    },
    Rgba {
        r: 79,
        g: 79,
        b: 79,
        a: Some(
            255,
        ),
    },
    Rgba {
        r: 103,
        g: 103,
        b: 103,
        a: Some(
            255,
        ),
    },
    Rgba {
        r: 52,
        g: 52,
        b: 52,
        a: Some(
            255,
        ),
    },
    Rgba {
        r: 215,
        g: 215,
        b: 215,
        a: Some(
            255,
        ),
    },
    Rgba {
        r: 7,
        g: 7,
        b: 7,
        a: Some(
            255,
        ),
    },
    Rgba {
        r: 164,
        g: 164,
        b: 164,
        a: Some(
            255,
        ),
    },
    Rgba {
        r: 239,
        g: 239,
        b: 239,
        a: Some(
            255,
        ),
    },
    Rgba {
        r: 69,
        g: 69,
        b: 69,
        a: Some(
            255,
        ),
    },
    Rgba {
        r: 130,
        g: 130,
        b: 130,
        a: Some(
            255,
        ),
    },
    Rgba {
        r: 21,
        g: 21,
        b: 21,
        a: Some(
            255,
        ),
    },
    Rgba {
        r: 80,
        g: 80,
        b: 80,
        a: Some(
            255,
        ),
    },
    Rgba {
        r: 28,
        g: 28,
        b: 28,
        a: Some(
            255,
        ),
    },
    Rgba {
        r: 37,
        g: 37,
        b: 37,
        a: Some(
            255,
        ),
    },
    Rgba {
        r: 165,
        g: 165,
        b: 165,
        a: Some(
            255,
        ),
    },
    Rgba {
        r: 74,
        g: 74,
        b: 74,
        a: Some(
            255,
        ),
    },
    Rgba {
        r: 187,
        g: 187,
        b: 187,
        a: Some(
            255,
        ),
    },
    Rgba {
        r: 166,
        g: 166,
        b: 166,
        a: Some(
            255,
        ),
    },
    Rgba {
        r: 19,
        g: 19,
        b: 19,
        a: Some(
            255,
        ),
    },
    Rgba {
        r: 4,
        g: 4,
        b: 4,
        a: Some(
            255,
        ),
    },
    Rgba {
        r: 204,
        g: 204,
        b: 204,
        a: Some(
            255,
        ),
    },
    Rgba {
        r: 82,
        g: 82,
        b: 82,
        a: Some(
            255,
        ),
    },
    Rgba {
        r: 60,
        g: 60,
        b: 60,
        a: Some(
            255,
        ),
    },
    Rgba {
        r: 26,
        g: 26,
        b: 26,
        a: Some(
            255,
        ),
    },
    Rgba {
        r: 154,
        g: 154,
        b: 154,
        a: Some(
            255,
        ),
    },
    Rgba {
        r: 141,
        g: 141,
        b: 141,
        a: Some(
            255,
        ),
    },
    Rgba {
        r: 192,
        g: 192,
        b: 192,
        a: Some(
            255,
        ),
    },
    Rgba {
        r: 46,
        g: 46,
        b: 46,
        a: Some(
            255,
        ),
    },
    Rgba {
        r: 28,
        g: 28,
        b: 28,
        a: Some(
            255,
        ),
    },
    Rgba {
        r: 21,
        g: 21,
        b: 21,
        a: Some(
            255,
        ),
    },
    Rgba {
        r: 5,
        g: 5,
        b: 5,
        a: Some(
            255,
        ),
    },
    Rgba {
        r: 179,
        g: 179,
        b: 179,
        a: Some(
            255,
        ),
    },
    Rgba {
        r: 123,
        g: 123,
        b: 123,
        a: Some(
            255,
        ),
    },
    Rgba {
        r: 7,
        g: 7,
        b: 7,
        a: Some(
            255,
        ),
    },
    Rgba {
        r: 245,
        g: 245,
        b: 245,
        a: Some(
            255,
        ),
    },
    Rgba {
        r: 184,
        g: 184,
        b: 184,
        a: Some(
            255,
        ),
    },
    Rgba {
        r: 101,
        g: 101,
        b: 101,
        a: Some(
            255,
        ),
    },
    Rgba {
        r: 189,
        g: 189,
        b: 189,
        a: Some(
            255,
        ),
    },
    Rgba {
        r: 207,
        g: 207,
        b: 207,
        a: Some(
            255,
        ),
    },
    Rgba {
        r: 95,
        g: 95,
        b: 95,
        a: Some(
            255,
        ),
    },
    Rgba {
        r: 137,
        g: 137,
        b: 137,
        a: Some(
            255,
        ),
    },
    Rgba {
        r: 218,
        g: 218,
        b: 218,
        a: Some(
            255,
        ),
    },
    Rgba {
        r: 128,
        g: 128,
        b: 128,
        a: Some(
            255,
        ),
    },
    Rgba {
        r: 165,
        g: 165,
        b: 165,
        a: Some(
            255,
        ),
    },
    Rgba {
        r: 91,
        g: 91,
        b: 91,
        a: Some(
            255,
        ),
    },
    Rgba {
        r: 79,
        g: 79,
        b: 79,
        a: Some(
            255,
        ),
    },
    Rgba {
        r: 45,
        g: 45,
        b: 45,
        a: Some(
            255,
        ),
    },
    Rgba {
        r: 254,
        g: 254,
        b: 254,
        a: Some(
            255,
        ),
    },
    Rgba {
        r: 47,
        g: 47,
        b: 47,
        a: Some(
            255,
        ),
    },
    Rgba {
        r: 241,
        g: 241,
        b: 241,
        a: Some(
            255,
        ),
    },
    Rgba {
        r: 114,
        g: 114,
        b: 114,
        a: Some(
            255,
        ),
    },
    Rgba {
        r: 180,
        g: 180,
        b: 180,
        a: Some(
            255,
        ),
    },
    Rgba {
        r: 97,
        g: 97,
        b: 97,
        a: Some(
            255,
        ),
    },
    Rgba {
        r: 202,
        g: 202,
        b: 202,
        a: Some(
            255,
        ),
    },
    Rgba {
        r: 121,
        g: 121,
        b: 121,
        a: Some(
            255,
        ),
    },
    Rgba {
        r: 85,
        g: 85,
        b: 85,
        a: Some(
            255,
        ),
    },
    Rgba {
        r: 120,
        g: 120,
        b: 120,
        a: Some(
            255,
        ),
    },
    Rgba {
        r: 69,
        g: 69,
        b: 69,
        a: Some(
            255,
        ),
    },
    Rgba {
        r: 40,
        g: 40,
        b: 40,
        a: Some(
            255,
        ),
    },
    Rgba {
        r: 188,
        g: 188,
        b: 188,
        a: Some(
            255,
        ),
    },
    Rgba {
        r: 165,
        g: 165,
        b: 165,
        a: Some(
            255,
        ),
    },
    Rgba {
        r: 88,
        g: 88,
        b: 88,
        a: Some(
            255,
        ),
    },
    Rgba {
        r: 176,
        g: 176,
        b: 176,
        a: Some(
            255,
        ),
    },
    Rgba {
        r: 239,
        g: 239,
        b: 239,
        a: Some(
            255,
        ),
    },
    Rgba {
        r: 32,
        g: 32,
        b: 32,
        a: Some(
            255,
        ),
    },
    Rgba {
        r: 254,
        g: 254,
        b: 254,
        a: Some(
            255,
        ),
    },
    Rgba {
        r: 11,
        g: 11,
        b: 11,
        a: Some(
            255,
        ),
    },
    Rgba {
        r: 34,
        g: 34,
        b: 34,
        a: Some(
            255,
        ),
    },
    Rgba {
        r: 23,
        g: 23,
        b: 23,
        a: Some(
            255,
        ),
    },
    Rgba {
        r: 185,
        g: 185,
        b: 185,
        a: Some(
            255,
        ),
    },
    Rgba {
        r: 111,
        g: 111,
        b: 111,
        a: Some(
            255,
        ),
    },
    Rgba {
        r: 16,
        g: 16,
        b: 16,
        a: Some(
            255,
        ),
    },
    Rgba {
        r: 38,
        g: 38,
        b: 38,
        a: Some(
            255,
        ),
    },
    Rgba {
        r: 232,
        g: 232,
        b: 232,
        a: Some(
            255,
        ),
    },
    Rgba {
        r: 6,
        g: 6,
        b: 6,
        a: Some(
            255,
        ),
    },
    Rgba {
        r: 54,
        g: 54,
        b: 54,
        a: Some(
            255,
        ),
    },
    Rgba {
        r: 46,
        g: 46,
        b: 46,
        a: Some(
            255,
        ),
    },
    Rgba {
        r: 106,
        g: 106,
        b: 106,
        a: Some(
            255,
        ),
    },
    Rgba {
        r: 69,
        g: 69,
        b: 69,
        a: Some(
            255,
        ),
    },
    Rgba {
        r: 156,
        g: 156,
        b: 156,
        a: Some(
            255,
        ),
    },
    Rgba {
        r: 238,
        g: 238,
        b: 238,
        a: Some(
            255,
        ),
    },
    Rgba {
        r: 109,
        g: 109,
        b: 109,
        a: Some(
            255,
        ),
    },
    Rgba {
        r: 248,
        g: 248,
        b: 248,
        a: Some(
            255,
        ),
    },
    Rgba {
        r: 45,
        g: 45,
        b: 45,
        a: Some(
            255,
        ),
    },
    Rgba {
        r: 218,
        g: 218,
        b: 218,
        a: Some(
            255,
        ),
    },
    Rgba {
        r: 0,
        g: 0,
        b: 0,
        a: Some(
            255,
        ),
    },
    Rgba {
        r: 177,
        g: 177,
        b: 177,
        a: Some(
            255,
        ),
    },
    Rgba {
        r: 25,
        g: 25,
        b: 25,
        a: Some(
            255,
        ),
    },
    Rgba {
        r: 101,
        g: 101,
        b: 101,
        a: Some(
            255,
        ),
    },
    Rgba {
        r: 199,
        g: 199,
        b: 199,
        a: Some(
            255,
        ),
    },
    Rgba {
        r: 114,
        g: 114,
        b: 114,
        a: Some(
            255,
        ),
    },
    Rgba {
        r: 221,
        g: 221,
        b: 221,
        a: Some(
            255,
        ),
    },
    Rgba {
        r: 28,
        g: 28,
        b: 28,
        a: Some(
            255,
        ),
    },
    Rgba {
        r: 247,
        g: 247,
        b: 247,
        a: Some(
            255,
        ),
    },
    Rgba {
        r: 73,
        g: 73,
        b: 73,
        a: Some(
            255,
        ),
    },
    Rgba {
        r: 149,
        g: 149,
        b: 149,
        a: Some(
            255,
        ),
    },
    Rgba {
        r: 137,
        g: 137,
        b: 137,
        a: Some(
            255,
        ),
    },
    Rgba {
        r: 19,
        g: 19,
        b: 19,
        a: Some(
            255,
        ),
    },
    Rgba {
        r: 237,
        g: 237,
        b: 237,
        a: Some(
            255,
        ),
    },
    Rgba {
        r: 227,
        g: 227,
        b: 227,
        a: Some(
            255,
        ),
    },
    Rgba {
        r: 180,
        g: 180,
        b: 180,
        a: Some(
            255,
        ),
    },
    Rgba {
        r: 106,
        g: 106,
        b: 106,
        a: Some(
            255,
        ),
    },
    Rgba {
        r: 0,
        g: 0,
        b: 0,
        a: Some(
            255,
        ),
    },
    Rgba {
        r: 16,
        g: 16,
        b: 16,
        a: Some(
            255,
        ),
    },
    Rgba {
        r: 105,
        g: 105,
        b: 105,
        a: Some(
            255,
        ),
    },
    Rgba {
        r: 62,
        g: 62,
        b: 62,
        a: Some(
            255,
        ),
    },
    Rgba {
        r: 112,
        g: 112,
        b: 112,
        a: Some(
            255,
        ),
    },
    Rgba {
        r: 203,
        g: 203,
        b: 203,
        a: Some(
            255,
        ),
    },
    Rgba {
        r: 78,
        g: 78,
        b: 78,
        a: Some(
            255,
        ),
    },
    Rgba {
        r: 201,
        g: 201,
        b: 201,
        a: Some(
            255,
        ),
    },
    Rgba {
        r: 124,
        g: 124,
        b: 124,
        a: Some(
            255,
        ),
    },
    Rgba {
        r: 51,
        g: 51,
        b: 51,
        a: Some(
            255,
        ),
    },
    Rgba {
        r: 170,
        g: 170,
        b: 170,
        a: Some(
            255,
        ),
    },
    Rgba {
        r: 215,
        g: 215,
        b: 215,
        a: Some(
            255,
        ),
    },
    Rgba {
        r: 26,
        g: 26,
        b: 26,
        a: Some(
            255,
        ),
    },
    Rgba {
        r: 34,
        g: 34,
        b: 34,
        a: Some(
            255,
        ),
    },
    Rgba {
        r: 226,
        g: 226,
        b: 226,
        a: Some(
            255,
        ),
    },
    Rgba {
        r: 193,
        g: 193,
        b: 193,
        a: Some(
            255,
        ),
    },
    Rgba {
        r: 168,
        g: 168,
        b: 168,
        a: Some(
            255,
        ),
    },
    Rgba {
        r: 194,
        g: 194,
        b: 194,
        a: Some(
            255,
        ),
    },
    Rgba {
        r: 34,
        g: 34,
        b: 34,
        a: Some(
            255,
        ),
    },
    Rgba {
        r: 251,
        g: 251,
        b: 251,
        a: Some(
            255,
        ),
    },
    Rgba {
        r: 132,
        g: 132,
        b: 132,
        a: Some(
            255,
        ),
    },
    Rgba {
        r: 210,
        g: 210,
        b: 210,
        a: Some(
            255,
        ),
    },
    Rgba {
        r: 98,
        g: 98,
        b: 98,
        a: Some(
            255,
        ),
    },
    Rgba {
        r: 65,
        g: 65,
        b: 65,
        a: Some(
            255,
        ),
    },
    Rgba {
        r: 23,
        g: 23,
        b: 23,
        a: Some(
            255,
        ),
    },
    Rgba {
        r: 97,
        g: 97,
        b: 97,
        a: Some(
            255,
        ),
    },
    Rgba {
        r: 134,
        g: 134,
        b: 134,
        a: Some(
            255,
        ),
    },
    Rgba {
        r: 123,
        g: 123,
        b: 123,
        a: Some(
            255,
        ),
    },
    Rgba {
        r: 254,
        g: 254,
        b: 254,
        a: Some(
            255,
        ),
    },
    Rgba {
        r: 20,
        g: 20,
        b: 20,
        a: Some(
            255,
        ),
    },
    Rgba {
        r: 89,
        g: 89,
        b: 89,
        a: Some(
            255,
        ),
    },
    Rgba {
        r: 231,
        g: 231,
        b: 231,
        a: Some(
            255,
        ),
    },
    Rgba {
        r: 220,
        g: 220,
        b: 220,
        a: Some(
            255,
        ),
    },
    Rgba {
        r: 97,
        g: 97,
        b: 97,
        a: Some(
            255,
        ),
    },
    Rgba {
        r: 99,
        g: 99,
        b: 99,
        a: Some(
            255,
        ),
    },
    Rgba {
        r: 247,
        g: 247,
        b: 247,
        a: Some(
            255,
        ),
    },
    Rgba {
        r: 4,
        g: 4,
        b: 4,
        a: Some(
            255,
        ),
    },
    Rgba {
        r: 128,
        g: 128,
        b: 128,
        a: Some(
            255,
        ),
    },
    Rgba {
        r: 165,
        g: 165,
        b: 165,
        a: Some(
            255,
        ),
    },
]
